// Jest Snapshot v1, https://goo.gl/fbAQLP

exports[`renders correctly 1`] = `
<glamorous(div)>
  <glamorous(div)>
    <glamorous(div)>
      WINTER ❄️
    </glamorous(div)>
    <ul>
      <glamorous(li)>
        ⛄
      </glamorous(li)>
      <glamorous(li)>
        ⛷️
      </glamorous(li)>
    </ul>
  </glamorous(div)>
  <glamorous(div)>
    <glamorous(div)>
      SPRING 🌱
    </glamorous(div)>
    <ul>
      <glamorous(li)>
        👩‍🌾
      </glamorous(li)>
      <glamorous(li)>
        🌻
      </glamorous(li)>
    </ul>
  </glamorous(div)>
  <glamorous(div)>
    <glamorous(div)>
      SUMMER ☀️
    </glamorous(div)>
    <glamorous(div)>
      Activities coming soon ...
    </glamorous(div)>
  </glamorous(div)>
  <glamorous(div)>
    <glamorous(div)>
      AUTUMN 🍂
    </glamorous(div)>
    <glamorous(div)>
      Activities coming soon ...
    </glamorous(div)>
  </glamorous(div)>
</glamorous(div)>
`;
